08:32:36 **** Build of configuration Debug for project main_board ****
make pre-build main-build 
a9-linaro-pre-build-step
' '
'Building file: ../src/user_fuction/axi_gpio_control.c'
'Invoking: ARM v7 gcc compiler'
arm-none-eabi-gcc -Wall -O0 -g3 -c -fmessage-length=0 -MT"src/user_fuction/axi_gpio_control.o" -mcpu=cortex-a9 -mfpu=vfpv3 -mfloat-abi=hard -I../../main_board_bsp/ps7_cortexa9_0/include -MMD -MP -MF"src/user_fuction/axi_gpio_control.d" -MT"src/user_fuction/axi_gpio_control.o" -o "src/user_fuction/axi_gpio_control.o" "../src/user_fuction/axi_gpio_control.c"
'Finished building: ../src/user_fuction/axi_gpio_control.c'
' '
'Building file: ../src/user_fuction/interrupt.c'
'Invoking: ARM v7 gcc compiler'
arm-none-eabi-gcc -Wall -O0 -g3 -c -fmessage-length=0 -MT"src/user_fuction/interrupt.o" -mcpu=cortex-a9 -mfpu=vfpv3 -mfloat-abi=hard -I../../main_board_bsp/ps7_cortexa9_0/include -MMD -MP -MF"src/user_fuction/interrupt.d" -MT"src/user_fuction/interrupt.o" -o "src/user_fuction/interrupt.o" "../src/user_fuction/interrupt.c"
'Finished building: ../src/user_fuction/interrupt.c'
' '
'Building file: ../src/user_fuction/monitor.c'
'Invoking: ARM v7 gcc compiler'
arm-none-eabi-gcc -Wall -O0 -g3 -c -fmessage-length=0 -MT"src/user_fuction/monitor.o" -mcpu=cortex-a9 -mfpu=vfpv3 -mfloat-abi=hard -I../../main_board_bsp/ps7_cortexa9_0/include -MMD -MP -MF"src/user_fuction/monitor.d" -MT"src/user_fuction/monitor.o" -o "src/user_fuction/monitor.o" "../src/user_fuction/monitor.c"
'Finished building: ../src/user_fuction/monitor.c'
' '
'Building file: ../src/user_fuction/motor.c'
'Invoking: ARM v7 gcc compiler'
arm-none-eabi-gcc -Wall -O0 -g3 -c -fmessage-length=0 -MT"src/user_fuction/motor.o" -mcpu=cortex-a9 -mfpu=vfpv3 -mfloat-abi=hard -I../../main_board_bsp/ps7_cortexa9_0/include -MMD -MP -MF"src/user_fuction/motor.d" -MT"src/user_fuction/motor.o" -o "src/user_fuction/motor.o" "../src/user_fuction/motor.c"
'Finished building: ../src/user_fuction/motor.c'
' '
'Building file: ../src/user_fuction/user_uart.c'
'Invoking: ARM v7 gcc compiler'
arm-none-eabi-gcc -Wall -O0 -g3 -c -fmessage-length=0 -MT"src/user_fuction/user_uart.o" -mcpu=cortex-a9 -mfpu=vfpv3 -mfloat-abi=hard -I../../main_board_bsp/ps7_cortexa9_0/include -MMD -MP -MF"src/user_fuction/user_uart.d" -MT"src/user_fuction/user_uart.o" -o "src/user_fuction/user_uart.o" "../src/user_fuction/user_uart.c"
'Finished building: ../src/user_fuction/user_uart.c'
' '
'Building file: ../src/main.c'
'Invoking: ARM v7 gcc compiler'
arm-none-eabi-gcc -Wall -O0 -g3 -c -fmessage-length=0 -MT"src/main.o" -mcpu=cortex-a9 -mfpu=vfpv3 -mfloat-abi=hard -I../../main_board_bsp/ps7_cortexa9_0/include -MMD -MP -MF"src/main.d" -MT"src/main.o" -o "src/main.o" "../src/main.c"
../src/main.c: In function 'main':
../src/main.c:76:8: warning: unused variable 'fdata1' [-Wunused-variable]
  float fdata1=0.0;
        ^~~~~~
../src/main.c:75:8: warning: unused variable 'fdata' [-Wunused-variable]
  float fdata=0.0;
        ^~~~~
../src/main.c:74:6: warning: unused variable 'data' [-Wunused-variable]
  u32 data;
      ^~~~
../src/main.c:62:6: warning: unused variable 'UiOrder' [-Wunused-variable]
  u16 UiOrder=0;
      ^~~~~~~
'Finished building: ../src/main.c'
' '
'Building file: ../src/platform.c'
'Invoking: ARM v7 gcc compiler'
arm-none-eabi-gcc -Wall -O0 -g3 -c -fmessage-length=0 -MT"src/platform.o" -mcpu=cortex-a9 -mfpu=vfpv3 -mfloat-abi=hard -I../../main_board_bsp/ps7_cortexa9_0/include -MMD -MP -MF"src/platform.d" -MT"src/platform.o" -o "src/platform.o" "../src/platform.c"
'Finished building: ../src/platform.c'
' '
'Building target: main_board.elf'
'Invoking: ARM v7 gcc linker'
arm-none-eabi-gcc -mcpu=cortex-a9 -mfpu=vfpv3 -mfloat-abi=hard -Wl,-build-id=none -specs=Xilinx.spec -Wl,-T -Wl,../src/lscript.ld -L../../main_board_bsp/ps7_cortexa9_0/lib -o "main_board.elf"  ./src/user_fuction/axi_gpio_control.o ./src/user_fuction/interrupt.o ./src/user_fuction/monitor.o ./src/user_fuction/motor.o ./src/user_fuction/user_uart.o  ./src/main.o ./src/platform.o   -lm -Wl,--start-group,-lxil,-lgcc,-lc,--end-group
'Finished building target: main_board.elf'
' '
'Invoking: ARM v7 Print Size'
arm-none-eabi-size main_board.elf  |tee "main_board.elf.size"
   text	   data	    bss	    dec	    hex	filename
  85580	   4208	1225568	1315356	 14121c	main_board.elf
'Finished building: main_board.elf.size'
' '

08:32:49 Build Finished (took 12s.360ms)

