16:14:39 **** Build of configuration Debug for project MAINBOARD_TEST ****
make pre-build main-build 
a9-linaro-pre-build-step
' '
'Building file: ../src/user_fuction/axi_gpio_control.c'
'Invoking: ARM v7 gcc compiler'
arm-none-eabi-gcc -Wall -O0 -g3 -c -fmessage-length=0 -MT"src/user_fuction/axi_gpio_control.o" -mcpu=cortex-a9 -mfpu=vfpv3 -mfloat-abi=hard -I../../MAINBOARD_TEST_bsp/ps7_cortexa9_0/include -MMD -MP -MF"src/user_fuction/axi_gpio_control.d" -MT"src/user_fuction/axi_gpio_control.o" -o "src/user_fuction/axi_gpio_control.o" "../src/user_fuction/axi_gpio_control.c"
'Finished building: ../src/user_fuction/axi_gpio_control.c'
' '
'Building file: ../src/user_fuction/gps.c'
'Invoking: ARM v7 gcc compiler'
arm-none-eabi-gcc -Wall -O0 -g3 -c -fmessage-length=0 -MT"src/user_fuction/gps.o" -mcpu=cortex-a9 -mfpu=vfpv3 -mfloat-abi=hard -I../../MAINBOARD_TEST_bsp/ps7_cortexa9_0/include -MMD -MP -MF"src/user_fuction/gps.d" -MT"src/user_fuction/gps.o" -o "src/user_fuction/gps.o" "../src/user_fuction/gps.c"
'Finished building: ../src/user_fuction/gps.c'
' '
'Building file: ../src/user_fuction/interrupt.c'
'Invoking: ARM v7 gcc compiler'
arm-none-eabi-gcc -Wall -O0 -g3 -c -fmessage-length=0 -MT"src/user_fuction/interrupt.o" -mcpu=cortex-a9 -mfpu=vfpv3 -mfloat-abi=hard -I../../MAINBOARD_TEST_bsp/ps7_cortexa9_0/include -MMD -MP -MF"src/user_fuction/interrupt.d" -MT"src/user_fuction/interrupt.o" -o "src/user_fuction/interrupt.o" "../src/user_fuction/interrupt.c"
'Finished building: ../src/user_fuction/interrupt.c'
' '
'Building file: ../src/user_fuction/monitor.c'
'Invoking: ARM v7 gcc compiler'
arm-none-eabi-gcc -Wall -O0 -g3 -c -fmessage-length=0 -MT"src/user_fuction/monitor.o" -mcpu=cortex-a9 -mfpu=vfpv3 -mfloat-abi=hard -I../../MAINBOARD_TEST_bsp/ps7_cortexa9_0/include -MMD -MP -MF"src/user_fuction/monitor.d" -MT"src/user_fuction/monitor.o" -o "src/user_fuction/monitor.o" "../src/user_fuction/monitor.c"
'Finished building: ../src/user_fuction/monitor.c'
' '
'Building file: ../src/user_fuction/motor.c'
'Invoking: ARM v7 gcc compiler'
arm-none-eabi-gcc -Wall -O0 -g3 -c -fmessage-length=0 -MT"src/user_fuction/motor.o" -mcpu=cortex-a9 -mfpu=vfpv3 -mfloat-abi=hard -I../../MAINBOARD_TEST_bsp/ps7_cortexa9_0/include -MMD -MP -MF"src/user_fuction/motor.d" -MT"src/user_fuction/motor.o" -o "src/user_fuction/motor.o" "../src/user_fuction/motor.c"
'Finished building: ../src/user_fuction/motor.c'
' '
'Building file: ../src/user_fuction/ps_gpio_control.c'
'Invoking: ARM v7 gcc compiler'
arm-none-eabi-gcc -Wall -O0 -g3 -c -fmessage-length=0 -MT"src/user_fuction/ps_gpio_control.o" -mcpu=cortex-a9 -mfpu=vfpv3 -mfloat-abi=hard -I../../MAINBOARD_TEST_bsp/ps7_cortexa9_0/include -MMD -MP -MF"src/user_fuction/ps_gpio_control.d" -MT"src/user_fuction/ps_gpio_control.o" -o "src/user_fuction/ps_gpio_control.o" "../src/user_fuction/ps_gpio_control.c"
In file included from ../../MAINBOARD_TEST_bsp/ps7_cortexa9_0/include/xgpiops.h:121:0,
                 from ../src/user_fuction/ps_gpio_control.h:11,
                 from ../src/user_fuction/ps_gpio_control.c:8:
../src/user_fuction/ps_gpio_control.c: In function 'PsGpioInit':
../../MAINBOARD_TEST_bsp/ps7_cortexa9_0/include/xstatus.h:65:41: warning: 'return' with a value, in function returning void
 #define XST_FAILURE                     1L
                                         ^
../src/user_fuction/ps_gpio_control.c:16:10: note: in expansion of macro 'XST_FAILURE'
   return XST_FAILURE;
          ^~~~~~~~~~~
../src/user_fuction/ps_gpio_control.c:10:6: note: declared here
 void PsGpioInit(void){
      ^~~~~~~~~~
'Finished building: ../src/user_fuction/ps_gpio_control.c'
' '
'Building file: ../src/user_fuction/user_uart.c'
'Invoking: ARM v7 gcc compiler'
arm-none-eabi-gcc -Wall -O0 -g3 -c -fmessage-length=0 -MT"src/user_fuction/user_uart.o" -mcpu=cortex-a9 -mfpu=vfpv3 -mfloat-abi=hard -I../../MAINBOARD_TEST_bsp/ps7_cortexa9_0/include -MMD -MP -MF"src/user_fuction/user_uart.d" -MT"src/user_fuction/user_uart.o" -o "src/user_fuction/user_uart.o" "../src/user_fuction/user_uart.c"
'Finished building: ../src/user_fuction/user_uart.c'
' '
'Building file: ../src/main.c'
'Invoking: ARM v7 gcc compiler'
arm-none-eabi-gcc -Wall -O0 -g3 -c -fmessage-length=0 -MT"src/main.o" -mcpu=cortex-a9 -mfpu=vfpv3 -mfloat-abi=hard -I../../MAINBOARD_TEST_bsp/ps7_cortexa9_0/include -MMD -MP -MF"src/main.d" -MT"src/main.o" -o "src/main.o" "../src/main.c"
../src/main.c: In function 'main':
../src/main.c:62:6: warning: unused variable 'UiOrder' [-Wunused-variable]
  u16 UiOrder=0;
      ^~~~~~~
'Finished building: ../src/main.c'
' '
'Building file: ../src/platform.c'
'Invoking: ARM v7 gcc compiler'
arm-none-eabi-gcc -Wall -O0 -g3 -c -fmessage-length=0 -MT"src/platform.o" -mcpu=cortex-a9 -mfpu=vfpv3 -mfloat-abi=hard -I../../MAINBOARD_TEST_bsp/ps7_cortexa9_0/include -MMD -MP -MF"src/platform.d" -MT"src/platform.o" -o "src/platform.o" "../src/platform.c"
'Finished building: ../src/platform.c'
' '
'Building target: MAINBOARD_TEST.elf'
'Invoking: ARM v7 gcc linker'
arm-none-eabi-gcc -mcpu=cortex-a9 -mfpu=vfpv3 -mfloat-abi=hard -Wl,-build-id=none -specs=Xilinx.spec -Wl,-T -Wl,../src/lscript.ld -L../../MAINBOARD_TEST_bsp/ps7_cortexa9_0/lib -o "MAINBOARD_TEST.elf"  ./src/user_fuction/axi_gpio_control.o ./src/user_fuction/gps.o ./src/user_fuction/interrupt.o ./src/user_fuction/monitor.o ./src/user_fuction/motor.o ./src/user_fuction/ps_gpio_control.o ./src/user_fuction/user_uart.o  ./src/main.o ./src/platform.o   -lm -Wl,--start-group,-lxil,-lgcc,-lc,--end-group
'Finished building target: MAINBOARD_TEST.elf'
' '
'Invoking: ARM v7 Print Size'
arm-none-eabi-size MAINBOARD_TEST.elf  |tee "MAINBOARD_TEST.elf.size"
   text	   data	    bss	    dec	    hex	filename
  93840	   4216	1225856	1323912	 143388	MAINBOARD_TEST.elf
'Finished building: MAINBOARD_TEST.elf.size'
' '

16:14:52 Build Finished (took 13s.272ms)

